Scrumly aplikacija

________________________________________________

Navodila za zagon:
$ cd smrpo
$ npm install
$ npm install -g nodemon
$ nodemon

(ce pri kaksnem ukazu vrze error, das pred ukaz sudo, in zahteva tvoje uporabniskovo geslo (administrator pravice))

(za bootstrap)
$ sudo npm install bootstrap

Aplikacijo odpremo v brskalniku na naslovu:
localhost:3000

__________________________________________________

podatkovna baza MongoDB

-> lokalna vzpostavitev na računalniku:
download:
- Windows: https://docs.mongodb.com/manual/tutorial/install-mongodb-on-windows/
- MacOS: https://docs.mongodb.com/manual/tutorial/install-mongodb-on-os-x/

__________________________________________________

-> uvazanje zacetnih podatkov v lokalno podatkovno bazo:
1. moznost: iz ukazne vrstice:
Users: mongoimport app_server/models/user.json -d mongodb-community --jsonArray -c Users
Admins: mongoimport app_server/models/admin.json -d mongodb-community --jsonArray -c Admins

2. moznost: iz ukazne vrstice uporabi ukaza za izvajanje skript iz package.json:
	1. npm run-script admini-uvoz
	2. npm run-script uporabniki-uvoz


- - - - - - - - - - - - - - - - 

-> MacOS zagon v terminalu:
$ brew services start mongodb-community

-> preverjanje zagona:
$ brew services list
(Name              Status  User   File
mongodb-community started tjasam ~/Library/LaunchAgents/homebrew.mxcl.mongodb-community.plist)

-> from a new terminal (zagon shella):
$ mongosh
(od tu lahko dodajamo rocno v podatkovno bazo:

> show dbs
> use mongodb-community (ime nase baze)
> show collections (prikaz kolekcij oziroma zbirk)
> db.Users.insertOne({}) ... (dodajanje novega zapisa)

V podatkovno bazo lahko posredujemo poizvedbo db.Users.find(), ki nam vrne vse dokumente, ki so shranjeni v zbirki Users.
Namig: Za brisanje vseh zapisov iz zbirke (npr. iz Users) lahko uporabimo ukaz db.Users.remove({}), 
če pa želimo zbirko v celoti odstraniti (npr. Users), potem uporabimo ukaz db.Users.drop().
(vec v lavbi zbirki)


(-> zaustavitev:
$ brew services stop mongodb-community)


_______________________________________________________

REST API za dostop do MongoDB podatkovne baze
-> omogoca interakcijo s podatkovno bazo s pomocjo HTTP zahtev
-> izvaja standardne CRUD operacije

dostopanje na localhost:3000/api/... za preverjanje delovanja
_______________________________________________________


Razdelitev po mapah (kje je kaj?):

app_server
	controllers (nadzirajo, kaksna vsebina se prikazuje pri posameznih zaslonskih maskah -> views)
	models (modeli podatkovnih struktur oziroma .json fajli podatkov)
	routes (povezave med controllerji, views in models)
	views (zaslonske maske)


app_api
	controllers
	models
	routes


public
	je src za vse javascript in stylesheets datoteke + slike itd.



