Scrumly aplikacija

________________________________________________

Navodila za zagon:
$ cd smrpo
$ npm install
$ npm install -g nodemon
$ nodemon

(ce pri kaksnem ukazu vrze error, das pred ukaz sudo, in zahteva tvoje uporabniskovo geslo (administrator pravice))

(za bootstrap)
$ sudo npm install bootstrap

Aplikacijo odpremo v brskalniku na naslovu:
localhost:3000

__________________________________________________

podatkovna baza MongoDB

-> lokalna vzpostavitev na računalniku:
download:
- Windows: https://docs.mongodb.com/manual/tutorial/install-mongodb-on-windows/
- MacOS: https://docs.mongodb.com/manual/tutorial/install-mongodb-on-os-x/


- - - - - - - - - - - - - - - - 

-> MacOS zagon v terminalu:
$ brew services start mongodb-community

-> preverjanje zagona:
$ brew services list
(Name              Status  User   File
mongodb-community started tjasam ~/Library/LaunchAgents/homebrew.mxcl.mongodb-community.plist)

-> from a new terminal (zagon shella):
$ mongosh
(od tu dodajamo rocno v podatkovno bazo:

> show dbs
> use mongodb-community (ime nase baze)
> show collections (prikaz kolekcij oziroma zbirk)
> db.Users.insertOne({}) ... (dodajanje novega zapisa)

V podatkovno bazo lahko posredujemo poizvedbo db.Users.find(), ki nam vrne vse dokumente, ki so shranjeni v zbirki Users.
Namig: Za brisanje vseh zapisov iz zbirke (npr. iz Users) lahko uporabimo ukaz db.Users.remove({}), 
če pa želimo zbirko v celoti odstraniti (npr. Users), potem uporabimo ukaz db.Users.drop().
(vec v lavbi zbirki)


(-> zaustavitev:
$ brew services stop mongodb-community)


_______________________________________________________


Razdelitev po mapah (kje je kaj?):

app_server
	controllers (nadzirajo, kaksna vsebina se prikazuje pri posameznih zaslonskih maskah -> views)
	models (modeli podatkovnih struktur oziroma .json fajli podatkov)
	routes (povezave med controllerji, views in models)
	views (zaslonske maske)


app_api



public
	je src za vse javascript in stylesheets datoteke + slike itd.



